This is pdfTeX, Version 3.141592653-2.6-1.40.25 (TeX Live 2023/Debian) (preloaded format=pdflatex 2025.7.9)  9 JUL 2025 13:26
entering extended mode
 restricted \write18 enabled.
 file:line:error style messages enabled.
 %&-line parsing enabled.
**"/home/sofiavvb/Desktop/Unicamp/IC/Estudo Dirigido/Plano de Trabalho/main.tex"
(/home/sofiavvb/Desktop/Unicamp/IC/Estudo Dirigido/Plano de Trabalho/main.tex
LaTeX2e <2023-11-01> patch level 1
L3 programming layer <2024-01-22>
(./projeto.cls
Document Class: projeto 

! LaTeX Error: File `abntex2.cls' not found.

Type X to quit or <RETURN> to proceed,
or enter new name. (Default extension: cls)

Enter file name: 
./projeto.cls:32: Emergency stop.
<read *> 
         
l.32 ^^M
        
*** (cannot \read from terminal in nonstop modes)

 
Here is how much of TeX's memory you used:
 41 strings out of 476162
 959 string characters out of 5794815
 1922975 words of memory out of 5000000
 22143 multiletter control sequences out of 15000+600000
 558069 words of font info for 36 fonts, out of 8000000 for 9000
 16 hyphenation exceptions out of 8191
 33i,0n,43p,159b,17s stack positions out of 10000i,1000n,20000p,200000b,200000s
./projeto.cls:32:  ==> Fatal error occurred, no output PDF file produced!
